ASxxxx Linker V03.00 + NoICE + sdld,  page 1.
Hexadecimal  [32-Bits]

Area                                    Addr        Size        Decimal Bytes (Attributes)
--------------------------------        ----        ----        ------- ----- ------------
.  .ABS.                            00000000    00000000 =           0. bytes (ABS,CON)

      Value  Global                              Global Defined In Module
      -----  --------------------------------   ------------------------
     00000000  .__.ABS.                           
     00000000  _rRAMG                             
     00000000  l__BASE                         
     00000000  l__BSS                          
     00000000  l__CABS                         
     00000000  l__CODE_0                       
     00000000  l__CRASH_HEADER                 
     00000000  l__CRASH_SCRATCH                
     00000000  l__DABS                         
     00000000  l__EHL_TRAMPOLINE               
     00000000  l__HEADER                       
     00000000  l__HEADER_LCD                   
     00000000  l__HEADER_SIO                   
     00000000  l__HEADER_TIMER                 
     00000000  l__HEAP                         
     00000000  l__HRAM                         
     00000000  l__LIT                          
     00000000  s__CABS                         
     00000000  s__CRASH_HEADER                 
     00000000  s__CRASH_HEADER0                
     00000000  s__CRASH_HEADER1                
     00000000  s__CRASH_SCRATCH                
     00000000  s__CRASH_SCRATCH2               
     00000000  s__DABS                         
     00000000  s__EHL_TRAMPOLINE               
     00000000  s__EHL_TRAMPOLINE0              
     00000000  s__HEADER                       
     00000000  s__HEADER0                      
     00000000  s__HEADER1                      
     00000000  s__HEADER10                     
     00000000  s__HEADER11                     
     00000000  s__HEADER2                      
     00000000  s__HEADER3                      
     00000000  s__HEADER4                      
     00000000  s__HEADER5                      
     00000000  s__HEADER6                      
     00000000  s__HEADER7                      
     00000000  s__HEADER8                      
     00000000  s__HEADER9                      
     00000000  s__HEADER_LCD                   
     00000000  s__HEADER_LCD0                  
     00000000  s__HEADER_SIO                   
     00000000  s__HEADER_SIO0                  
     00000000  s__HEADER_TIMER                 
     00000000  s__HEADER_TIMER0                
     00000000  s__HEADERa                      
     00000000  s__HEADERb                      
     00000000  s__HEADERc                      
     00000000  s__HEADERd                      
     00000000  s__HEADERe                      
ASxxxx Linker V03.00 + NoICE + sdld,  page 2.
Hexadecimal  [32-Bits]

Area                                    Addr        Size        Decimal Bytes (Attributes)
--------------------------------        ----        ----        ------- ----- ------------
.  .ABS.                            00000000    00000000 =           0. bytes (ABS,CON)

      Value  Global                              Global Defined In Module
      -----  --------------------------------   ------------------------
     00000000  s__HEADERf                      
     00000000  s__HRAM                         
     00000000  s__HRAM12                       
     00000001  ___bank_VM_ACTOR                   vm_actor
     00000001  ___bank_VM_SGB                     vm_sgb
     00000001  ___bank_bg_1_tileset               bg_1_tileset
     00000001  ___bank_scene_71_init              scene_71_init
     00000001  b_logo_init                        logo
     00000001  b_logo_update                      logo
     00000001  b_ui_draw_frame                    ui
     00000001  b_ui_draw_text_buffer_char         ui
     00000001  b_ui_init                          ui
     00000001  b_ui_load_tiles                    ui
     00000001  b_ui_run_menu                      ui
     00000001  b_ui_run_modal                     ui
     00000001  b_ui_set_start_tile                ui
     00000001  b_vm_actor_activate                vm_actor
     00000001  b_vm_actor_deactivate              vm_actor
     00000001  b_vm_actor_emote                   vm_actor
     00000001  b_vm_actor_get_angle               vm_actor
     00000001  b_vm_actor_get_anim_frame          vm_actor
     00000001  b_vm_actor_get_dir                 vm_actor
     00000001  b_vm_actor_get_pos                 vm_actor
     00000001  b_vm_actor_move_cancel             vm_actor
     00000001  b_vm_actor_move_to                 vm_actor
     00000001  b_vm_actor_replace_tile            vm_actor
     00000001  b_vm_actor_set_anim                vm_actor
     00000001  b_vm_actor_set_anim_frame          vm_actor
     00000001  b_vm_actor_set_anim_set            vm_actor
     00000001  b_vm_actor_set_anim_tick           vm_actor
     00000001  b_vm_actor_set_bounds              vm_actor
     00000001  b_vm_actor_set_dir                 vm_actor
     00000001  b_vm_actor_set_flags               vm_actor
     00000001  b_vm_actor_set_move_speed          vm_actor
     00000001  b_vm_actor_set_pos                 vm_actor
     00000001  b_vm_actor_set_spritesheet         vm_actor
     00000001  b_vm_actor_set_spritesheet_by_re   vm_actor
     00000001  b_vm_actor_terminate_update        vm_actor
     00000001  l__GSFINAL                      
     00000001  l__HEADER0                      
     00000001  l__HEADER11                     
     00000001  l__HEADER9                      
     00000001  l__HEADERa                      
     00000001  l__HEADERb                      
     00000001  l__HEADERd                      
     00000001  l__HEADERe                      
     00000002  ___bank_VM_PALETTE                 vm_palette
     00000002  ___bank_bg_1                       bg_1
     00000002  ___bank_bg_10_tileset              bg_10_tileset
     00000002  ___bank_bg_11_tileset              bg_11_tileset
     00000002  b_platform_init                    platform
ASxxxx Linker V03.00 + NoICE + sdld,  page 3.
Hexadecimal  [32-Bits]

Area                                    Addr        Size        Decimal Bytes (Attributes)
--------------------------------        ----        ----        ------- ----- ------------
.  .ABS.                            00000000    00000000 =           0. bytes (ABS,CON)

      Value  Global                              Global Defined In Module
      -----  --------------------------------   ------------------------
     00000002  b_platform_update                  platform
     00000002  b_vm_load_palette                  vm_palette
     00000002  l__HEADER5                      
     00000002  l__HEADERc                      
     00000002  l__HEADERf                      
     00000003  ___bank_VM_MAIN                    vm
     00000003  ___bank_bg_12_tileset              bg_12_tileset
     00000003  ___bank_bg_13_tileset              bg_13_tileset
     00000003  ___bank_script_engine_init         
     00000003  b_script_detach_hthread            vm
     00000003  b_script_execute                   vm
     00000003  b_script_runner_init               vm
     00000003  b_script_terminate                 vm
     00000003  b_set_sgb_border                   sgb_border
     00000003  b_vm_call                          vm
     00000003  b_vm_call_far                      vm
     00000003  b_vm_get_indirect                  vm
     00000003  b_vm_get_int16                     vm
     00000003  b_vm_get_int8                      vm
     00000003  b_vm_get_tlocal                    vm
     00000003  b_vm_get_uint8                     vm
     00000003  b_vm_idle                          vm
     00000003  b_vm_if                            vm
     00000003  b_vm_if_const                      vm
     00000003  b_vm_init_rng                      vm
     00000003  b_vm_invoke                        vm
     00000003  b_vm_join                          vm
     00000003  b_vm_jump                          vm
     00000003  b_vm_lock                          vm
     00000003  b_vm_loop                          vm
     00000003  b_vm_memcpy                        vm
     00000003  b_vm_memset                        vm
     00000003  b_vm_poll_loaded                   vm
     00000003  b_vm_pop                           vm
     00000003  b_vm_push                          vm
     00000003  b_vm_push_reference                vm
     00000003  b_vm_push_value                    vm
     00000003  b_vm_push_value_ind                vm
     00000003  b_vm_raise                         vm
     00000003  b_vm_rand                          vm
     00000003  b_vm_reserve                       vm
     00000003  b_vm_ret                           vm
     00000003  b_vm_ret_far                       vm
     00000003  b_vm_set                           vm
     00000003  b_vm_set_const                     vm
     00000003  b_vm_set_const_int16               vm
     00000003  b_vm_set_const_int8                vm
     00000003  b_vm_set_indirect                  vm
     00000003  b_vm_set_int16                     vm
     00000003  b_vm_set_int8                      vm
     00000003  b_vm_set_uint8                     vm
ASxxxx Linker V03.00 + NoICE + sdld,  page 4.
Hexadecimal  [32-Bits]

Area                                    Addr        Size        Decimal Bytes (Attributes)
--------------------------------        ----        ----        ------- ----- ------------
.  .ABS.                            00000000    00000000 =           0. bytes (ABS,CON)

      Value  Global                              Global Defined In Module
      -----  --------------------------------   ------------------------
     00000003  b_vm_terminate                     vm
     00000003  b_vm_test_terminate                vm
     00000003  b_vm_unlock                        vm
     00000003  b_wait_frames                      vm
     00000003  l__HEADER8                      
     00000003  l__HEADER_LCD0                  
     00000003  l__HRAM12                       
     00000004  ___bank_bg_14_tileset              bg_14_tileset
     00000004  ___bank_bg_15_tileset              bg_15_tileset
     00000004  ___bank_font_gbs_mono              font_gbs_mono
     00000004  ___bank_scene_70_init              scene_70_init
     00000004  ___bank_song_peppy_regal_overwor   song_peppy_regal_overworld_D
     00000004  l__CRASH_HEADER1                
     00000004  l__HEADER_SIO0                  
     00000004  l__HEADER_TIMER0                
     00000005  ___bank_bg_16_tileset              bg_16_tileset
     00000005  ___bank_bg_17_tileset              bg_17_tileset
     00000005  ___bank_bg_map_tileset             bg_map_tileset
     00000005  ___bank_bootstrap_script           
     00000005  b_do_load_palette                  data_manager
     00000005  b_load_background                  data_manager
     00000005  b_load_bkg_tileset                 data_manager
     00000005  b_load_bounds                      data_manager
     00000005  b_load_emote                       data_manager
     00000005  b_load_init                        data_manager
     00000005  b_load_player                      data_manager
     00000005  b_load_scene                       data_manager
     00000005  b_load_sprite                      data_manager
     00000005  b_projectile_launch                projectiles
     00000005  b_projectiles_init                 projectiles
     00000005  l__CRASH_HEADER0                
     00000005  l__HEADER1                      
     00000006  ___bank_bg_18_tileset              bg_18_tileset
     00000006  ___bank_bg_19_tileset              bg_19_tileset
     00000006  ___bank_bg_dialogue_background_t   bg_dialogue_background_tiles
     00000006  b_adventure_init                   adventure
     00000006  b_adventure_update                 adventure
     00000006  b_scroll_rect                      
     00000006  l__HEADER7                      
     00000007  ___bank_VM_UI                      vm_ui
     00000007  ___bank_bg_20_tileset              bg_20_tileset
     00000007  ___bank_bg_2_tileset               bg_2_tileset
     00000007  ___bank_scene_1_init               scene_1_init
     00000007  b_CGBZeroPalette                   palette
     00000007  b_core_reset                       core
     00000007  b_core_run                         core
     00000007  b_palette_init                     palette
     00000007  b_shmup_init                       shmup
     00000007  b_shmup_update                     shmup
     00000007  b_vm_choice                        vm_ui
     00000007  b_vm_display_text                  vm_ui
ASxxxx Linker V03.00 + NoICE + sdld,  page 5.
Hexadecimal  [32-Bits]

Area                                    Addr        Size        Decimal Bytes (Attributes)
--------------------------------        ----        ----        ------- ----- ------------
.  .ABS.                            00000000    00000000 =           0. bytes (ABS,CON)

      Value  Global                              Global Defined In Module
      -----  --------------------------------   ------------------------
     00000007  b_vm_overlay_clear                 vm_ui
     00000007  b_vm_overlay_move_to               vm_ui
     00000007  b_vm_overlay_scroll                vm_ui
     00000007  b_vm_overlay_set_map               vm_ui
     00000007  b_vm_overlay_set_scroll            vm_ui
     00000007  b_vm_overlay_set_submap            vm_ui
     00000007  b_vm_overlay_set_submap_ex         vm_ui
     00000007  b_vm_overlay_setpos                vm_ui
     00000007  b_vm_overlay_show                  vm_ui
     00000007  b_vm_overlay_wait                  vm_ui
     00000007  b_vm_set_font                      vm_ui
     00000007  b_vm_set_text_sound                vm_ui
     00000007  b_vm_switch_text_layer             vm_ui
     00000007  l__HEADER2                      
     00000008  ___bank_VM_RTC                     vm_rtc
     00000008  ___bank_bg_21_tileset              bg_21_tileset
     00000008  ___bank_bg_22_tileset              bg_22_tileset
     00000008  b_data_clear                       load_save
     00000008  b_data_init                        load_save
     00000008  b_data_load                        load_save
     00000008  b_data_peek                        load_save
     00000008  b_data_save                        load_save
     00000008  b_scroll_init                      scroll
     00000008  b_scroll_repaint                   scroll
     00000008  b_scroll_reset                     scroll
     00000008  b_scroll_update                    scroll
     00000008  b_topdown_init                     topdown
     00000008  b_topdown_update                   topdown
     00000008  b_vm_rtc_get                       vm_rtc
     00000008  b_vm_rtc_latch                     vm_rtc
     00000008  b_vm_rtc_set                       vm_rtc
     00000008  b_vm_rtc_start                     vm_rtc
     00000008  l__HEADER3                      
     00000009  ___bank_VM_GAMEBOY                 vm_gameboy
     00000009  ___bank_VM_SIO                     vm_sio
     00000009  ___bank_bg_23_tileset              bg_23_tileset
     00000009  ___bank_bg_24_tileset              bg_24_tileset
     00000009  ___bank_bg_map2_tileset            bg_map2_tileset
     00000009  ___bank_scene_100_init             scene_100_init
     00000009  b_gbprinter_detect                 gbprinter
     00000009  b_gbprinter_print_overlay          gbprinter
     00000009  b_trigger_activate_at              trigger
     00000009  b_trigger_activate_at_intersecti   trigger
     00000009  b_trigger_at_intersection          trigger
     00000009  b_trigger_at_tile                  trigger
     00000009  b_trigger_interact                 trigger
     00000009  b_trigger_reset                    trigger
     00000009  b_vm_context_prepare               vm_gameboy
     00000009  b_vm_fade                          vm_gameboy
     00000009  b_vm_get_tile_xy                   vm_gameboy
     00000009  b_vm_input_attach                  vm_gameboy
ASxxxx Linker V03.00 + NoICE + sdld,  page 6.
Hexadecimal  [32-Bits]

Area                                    Addr        Size        Decimal Bytes (Attributes)
--------------------------------        ----        ----        ------- ----- ------------
.  .ABS.                            00000000    00000000 =           0. bytes (ABS,CON)

      Value  Global                              Global Defined In Module
      -----  --------------------------------   ------------------------
     00000009  b_vm_input_detach                  vm_gameboy
     00000009  b_vm_input_get                     vm_gameboy
     00000009  b_vm_input_wait                    vm_gameboy
     00000009  b_vm_load_tiles                    vm_gameboy
     00000009  b_vm_load_tileset                  vm_gameboy
     00000009  b_vm_poll                          vm_gameboy
     00000009  b_vm_replace_tile                  vm_gameboy
     00000009  b_vm_replace_tile_xy               vm_gameboy
     00000009  b_vm_rumble                        vm_gameboy
     00000009  b_vm_set_sprite_mode               vm_gameboy
     00000009  b_vm_set_sprites_visible           vm_gameboy
     00000009  b_vm_sio_exchange                  vm_sio
     00000009  b_vm_sio_set_mode                  vm_sio
     00000009  b_vm_timer_prepare                 vm_gameboy
     00000009  b_vm_timer_reset                   vm_gameboy
     00000009  b_vm_timer_set                     vm_gameboy
     00000009  b_vm_timer_stop                    vm_gameboy
     0000000A  ___bank_VM_CAMERA                  vm_camera
     0000000A  ___bank_bg_1_tilemap               bg_1_tilemap
     0000000A  ___bank_bg_1_tilemap_attr          bg_1_tilemap_attr
     0000000A  ___bank_bg_25_tileset              bg_25_tileset
     0000000A  ___bank_bg_26_tileset              bg_26_tileset
     0000000A  ___bank_bg_dialogue_background_t   bg_dialogue_background_tilem
     0000000A  ___bank_sprite_monkey_tileset      sprite_monkey_tileset
     0000000A  ___bank_spritesheet_none           spritesheet_none
     0000000A  b___HandleCrash_banked             
     0000000A  b_camera_shake_frames              vm_camera
     0000000A  b_erase_flash                      
     0000000A  b_fade_applypalettechange          fade_manager
     0000000A  b_fade_in                          fade_manager
     0000000A  b_fade_in_modal                    fade_manager
     0000000A  b_fade_init                        fade_manager
     0000000A  b_fade_out                         fade_manager
     0000000A  b_fade_out_modal                   fade_manager
     0000000A  b_fade_setspeed                    fade_manager
     0000000A  b_fade_update                      fade_manager
     0000000A  b_pointnclick_init                 pointnclick
     0000000A  b_pointnclick_update               pointnclick
     0000000A  b_save_sram_banks                  
     0000000A  b_vm_camera_move_to                vm_camera
     0000000A  b_vm_camera_set_pos                vm_camera
     0000000B  ___bank_bg_27_tileset              bg_27_tileset
     0000000B  ___bank_bg_28_tileset              bg_28_tileset
     0000000B  ___bank_bg_map2_tilemap            bg_map2_tilemap
     0000000B  ___bank_bg_map_tilemap             bg_map_tilemap
     0000000B  ___bank_scene_100_collisions       scene_100_collisions
     0000000B  ___bank_scene_101_collisions       scene_101_collisions
     0000000B  ___bank_scene_102_collisions       scene_102_collisions
     0000000B  ___bank_scene_103_collisions       scene_103_collisions
     0000000B  ___bank_scene_104_collisions       scene_104_collisions
     0000000B  ___bank_scene_105_collisions       scene_105_collisions
ASxxxx Linker V03.00 + NoICE + sdld,  page 7.
Hexadecimal  [32-Bits]

Area                                    Addr        Size        Decimal Bytes (Attributes)
--------------------------------        ----        ----        ------- ----- ------------
.  .ABS.                            00000000    00000000 =           0. bytes (ABS,CON)

      Value  Global                              Global Defined In Module
      -----  --------------------------------   ------------------------
     0000000B  ___bank_scene_106_collisions       scene_106_collisions
     0000000B  ___bank_scene_107_collisions       scene_107_collisions
     0000000B  ___bank_scene_108_collisions       scene_108_collisions
     0000000B  ___bank_scene_10_collisions        scene_10_collisions
     0000000B  ___bank_scene_1_collisions         scene_1_collisions
     0000000B  ___bank_scene_5_init               scene_5_init
     0000000C  ___bank_VM_GBPRINTER               vm_gbprinter
     0000000C  ___bank_bg_29_tileset              bg_29_tileset
     0000000C  ___bank_bg_3_tileset               bg_3_tileset
     0000000C  ___bank_scene_109_collisions       scene_109_collisions
     0000000C  ___bank_scene_110_collisions       scene_110_collisions
     0000000C  ___bank_scene_111_collisions       scene_111_collisions
     0000000C  ___bank_scene_112_collisions       scene_112_collisions
     0000000C  ___bank_scene_113_collisions       scene_113_collisions
     0000000C  ___bank_scene_11_collisions        scene_11_collisions
     0000000C  ___bank_scene_12_collisions        scene_12_collisions
     0000000C  ___bank_scene_13_collisions        scene_13_collisions
     0000000C  ___bank_scene_14_collisions        scene_14_collisions
     0000000C  ___bank_scene_15_collisions        scene_15_collisions
     0000000C  ___bank_scene_16_collisions        scene_16_collisions
     0000000C  ___bank_scene_17_collisions        scene_17_collisions
     0000000C  ___bank_scene_18_collisions        scene_18_collisions
     0000000C  ___bank_trigger_1_interact         trigger_1_interact
     0000000C  b_vm_print_detect                  vm_gbprinter
     0000000C  b_vm_print_overlay                 vm_gbprinter
     0000000D  ___bank_VM_SCENE                   vm_scene
     0000000D  ___bank_bg_30_tileset              bg_30_tileset
     0000000D  ___bank_bg_31_tileset              bg_31_tileset
     0000000D  ___bank_scene_19_collisions        scene_19_collisions
     0000000D  ___bank_scene_20_collisions        scene_20_collisions
     0000000D  ___bank_scene_21_collisions        scene_21_collisions
     0000000D  ___bank_scene_22_collisions        scene_22_collisions
     0000000D  ___bank_scene_23_collisions        scene_23_collisions
     0000000D  ___bank_scene_24_collisions        scene_24_collisions
     0000000D  ___bank_scene_25_collisions        scene_25_collisions
     0000000D  ___bank_scene_26_collisions        scene_26_collisions
     0000000D  ___bank_scene_27_collisions        scene_27_collisions
     0000000D  ___bank_scene_28_collisions        scene_28_collisions
     0000000D  ___bank_scene_29_collisions        scene_29_collisions
     0000000D  ___bank_scene_2_collisions         scene_2_collisions
     0000000D  ___bank_scene_3_collisions         scene_3_collisions
     0000000D  ___bank_trigger_2_interact         trigger_2_interact
     0000000D  b_vm_scene_pop                     vm_scene
     0000000D  b_vm_scene_pop_all                 vm_scene
     0000000D  b_vm_scene_push                    vm_scene
     0000000D  b_vm_scene_stack_reset             vm_scene
     0000000E  ___bank_bg_32_tileset              bg_32_tileset
     0000000E  ___bank_bg_33_tileset              bg_33_tileset
     0000000E  ___bank_cursor_image               cursor_image
     0000000E  ___bank_scene_30_collisions        scene_30_collisions
     0000000E  ___bank_scene_31_collisions        scene_31_collisions
ASxxxx Linker V03.00 + NoICE + sdld,  page 8.
Hexadecimal  [32-Bits]

Area                                    Addr        Size        Decimal Bytes (Attributes)
--------------------------------        ----        ----        ------- ----- ------------
.  .ABS.                            00000000    00000000 =           0. bytes (ABS,CON)

      Value  Global                              Global Defined In Module
      -----  --------------------------------   ------------------------
     0000000E  ___bank_scene_32_collisions        scene_32_collisions
     0000000E  ___bank_scene_33_collisions        scene_33_collisions
     0000000E  ___bank_scene_34_collisions        scene_34_collisions
     0000000E  ___bank_scene_35_collisions        scene_35_collisions
     0000000E  ___bank_scene_36_collisions        scene_36_collisions
     0000000E  ___bank_scene_37_collisions        scene_37_collisions
     0000000E  ___bank_scene_38_collisions        scene_38_collisions
     0000000E  ___bank_scene_39_collisions        scene_39_collisions
     0000000E  ___bank_scene_40_collisions        scene_40_collisions
     0000000E  ___bank_scene_41_collisions        scene_41_collisions
     0000000E  ___bank_scene_4_collisions         scene_4_collisions
     0000000E  ___bank_sprite_actor_animated      sprite_actor_animated
     0000000F  ___bank_VM_LOAD_SAVE               vm_load_save
     0000000F  ___bank_bg_34_tileset              bg_34_tileset
     0000000F  ___bank_bg_35_tileset              bg_35_tileset
     0000000F  ___bank_scene_42_collisions        scene_42_collisions
     0000000F  ___bank_scene_43_collisions        scene_43_collisions
     0000000F  ___bank_scene_44_collisions        scene_44_collisions
     0000000F  ___bank_scene_45_collisions        scene_45_collisions
     0000000F  ___bank_scene_46_collisions        scene_46_collisions
     0000000F  ___bank_scene_47_collisions        scene_47_collisions
     0000000F  ___bank_scene_48_collisions        scene_48_collisions
     0000000F  ___bank_scene_49_collisions        scene_49_collisions
     0000000F  ___bank_scene_50_collisions        scene_50_collisions
     0000000F  ___bank_scene_51_collisions        scene_51_collisions
     0000000F  ___bank_scene_52_collisions        scene_52_collisions
     0000000F  ___bank_scene_53_collisions        scene_53_collisions
     0000000F  ___bank_scene_5_collisions         scene_5_collisions
     0000000F  b_remove_LCD_ISRs                  interrupts
     0000000F  b_vm_save_clear                    vm_load_save
     0000000F  b_vm_save_peek                     vm_load_save
     00000010  ___bank_bg_36_tileset              bg_36_tileset
     00000010  ___bank_bg_37_tileset              bg_37_tileset
     00000010  ___bank_frame_image                frame_image
     00000010  ___bank_scene_54_collisions        scene_54_collisions
     00000010  ___bank_scene_55_collisions        scene_55_collisions
     00000010  ___bank_scene_56_collisions        scene_56_collisions
     00000010  ___bank_scene_57_collisions        scene_57_collisions
     00000010  ___bank_scene_58_collisions        scene_58_collisions
     00000010  ___bank_scene_59_collisions        scene_59_collisions
     00000010  ___bank_scene_60_collisions        scene_60_collisions
     00000010  ___bank_scene_61_collisions        scene_61_collisions
     00000010  ___bank_scene_62_collisions        scene_62_collisions
     00000010  ___bank_scene_63_collisions        scene_63_collisions
     00000010  ___bank_scene_64_collisions        scene_64_collisions
     00000010  ___bank_scene_65_collisions        scene_65_collisions
     00000010  ___bank_scene_6_collisions         scene_6_collisions
     00000010  b_parallax_init                    parallax
     00000011  ___bank_bg_38_tileset              bg_38_tileset
     00000011  ___bank_bg_39_tileset              bg_39_tileset
     00000011  ___bank_scene_66_collisions        scene_66_collisions
ASxxxx Linker V03.00 + NoICE + sdld,  page 9.
Hexadecimal  [32-Bits]

Area                                    Addr        Size        Decimal Bytes (Attributes)
--------------------------------        ----        ----        ------- ----- ------------
.  .ABS.                            00000000    00000000 =           0. bytes (ABS,CON)

      Value  Global                              Global Defined In Module
      -----  --------------------------------   ------------------------
     00000011  ___bank_scene_67_collisions        scene_67_collisions
     00000011  ___bank_scene_68_collisions        scene_68_collisions
     00000011  ___bank_scene_69_collisions        scene_69_collisions
     00000011  ___bank_scene_69_init              scene_69_init
     00000011  ___bank_scene_70_collisions        scene_70_collisions
     00000011  ___bank_scene_71_collisions        scene_71_collisions
     00000011  ___bank_scene_72_collisions        scene_72_collisions
     00000011  ___bank_scene_73_collisions        scene_73_collisions
     00000011  ___bank_scene_74_collisions        scene_74_collisions
     00000011  ___bank_scene_75_collisions        scene_75_collisions
     00000011  ___bank_scene_76_collisions        scene_76_collisions
     00000011  ___bank_scene_77_collisions        scene_77_collisions
     00000011  ___bank_scene_7_collisions         scene_7_collisions
     00000011  ___bank_script_input_0             script_input_0
     00000011  l__EHL_TRAMPOLINE0              
     00000012  ___bank_bg_40_tileset              bg_40_tileset
     00000012  ___bank_bg_4_tileset               bg_4_tileset
     00000012  ___bank_scene_68_init              scene_68_init
     00000012  ___bank_scene_78_collisions        scene_78_collisions
     00000012  ___bank_scene_79_collisions        scene_79_collisions
     00000012  ___bank_scene_80_collisions        scene_80_collisions
     00000012  ___bank_scene_81_collisions        scene_81_collisions
     00000012  ___bank_scene_82_collisions        scene_82_collisions
     00000012  ___bank_scene_83_collisions        scene_83_collisions
     00000012  ___bank_scene_84_collisions        scene_84_collisions
     00000012  ___bank_scene_85_collisions        scene_85_collisions
     00000012  ___bank_scene_86_collisions        scene_86_collisions
     00000012  ___bank_scene_87_collisions        scene_87_collisions
     00000012  ___bank_scene_88_collisions        scene_88_collisions
     00000012  ___bank_scene_89_collisions        scene_89_collisions
     00000012  ___bank_scene_8_collisions         scene_8_collisions
     00000012  b_camera_init                      camera
     00000012  b_camera_reset                     camera
     00000013  ___bank_VM_MUSIC                   vm_music
     00000013  ___bank_bg_41_tileset              bg_41_tileset
     00000013  ___bank_bg_42_tileset              bg_42_tileset
     00000013  ___bank_scene_61_init              scene_61_init
     00000013  ___bank_scene_90_collisions        scene_90_collisions
     00000013  ___bank_scene_91_collisions        scene_91_collisions
     00000013  ___bank_scene_92_collisions        scene_92_collisions
     00000013  ___bank_scene_93_collisions        scene_93_collisions
     00000013  ___bank_scene_94_collisions        scene_94_collisions
     00000013  ___bank_scene_95_collisions        scene_95_collisions
     00000013  ___bank_scene_96_collisions        scene_96_collisions
     00000013  ___bank_scene_97_collisions        scene_97_collisions
     00000013  ___bank_scene_98_collisions        scene_98_collisions
     00000013  ___bank_scene_99_collisions        scene_99_collisions
     00000013  ___bank_scene_9_collisions         scene_9_collisions
     00000013  ___bank_sprite_monkey              sprite_monkey
     00000013  b_vm_music_mute                    vm_music
     00000013  b_vm_music_play                    vm_music
ASxxxx Linker V03.00 + NoICE + sdld,  page 10.
Hexadecimal  [32-Bits]

Area                                    Addr        Size        Decimal Bytes (Attributes)
--------------------------------        ----        ----        ------- ----- ------------
.  .ABS.                            00000000    00000000 =           0. bytes (ABS,CON)

      Value  Global                              Global Defined In Module
      -----  --------------------------------   ------------------------
     00000013  b_vm_music_routine                 vm_music
     00000013  b_vm_music_setpos                  vm_music
     00000013  b_vm_music_stop                    vm_music
     00000013  b_vm_sfx_play                      vm_music
     00000013  b_vm_sound_mastervol               vm_music
     00000014  ___bank_VM_MATH                    vm_math
     00000014  ___bank_VM_PROJECTILE              vm_projectiles
     00000014  ___bank_bg_10                      bg_10
     00000014  ___bank_bg_43_tileset              bg_43_tileset
     00000014  ___bank_bg_44_tileset              bg_44_tileset
     00000014  ___bank_scene_101_init             scene_101_init
     00000014  ___bank_scene_102_init             scene_102_init
     00000014  ___bank_scene_103_init             scene_103_init
     00000014  ___bank_scene_104_init             scene_104_init
     00000014  ___bank_scene_105_init             scene_105_init
     00000014  ___bank_scene_106_init             scene_106_init
     00000014  ___bank_scene_107_init             scene_107_init
     00000014  ___bank_scene_108_init             scene_108_init
     00000014  ___bank_scene_109_init             scene_109_init
     00000014  ___bank_scene_110_init             scene_110_init
     00000014  ___bank_scene_111_init             scene_111_init
     00000014  ___bank_scene_112_init             scene_112_init
     00000014  ___bank_scene_113_init             scene_113_init
     00000014  ___bank_scene_4_init               scene_4_init
     00000014  ___bank_scene_5_triggers           scene_5_triggers
     00000014  ___bank_scene_62_init              scene_62_init
     00000014  ___bank_scene_63_init              scene_63_init
     00000014  ___bank_scene_64_init              scene_64_init
     00000014  ___bank_scene_65_init              scene_65_init
     00000014  ___bank_scene_66_init              scene_66_init
     00000014  ___bank_scene_67_init              scene_67_init
     00000014  ___bank_scene_6_init               scene_6_init
     00000014  ___bank_scene_72_init              scene_72_init
     00000014  ___bank_scene_73_init              scene_73_init
     00000014  ___bank_scene_74_init              scene_74_init
     00000014  ___bank_scene_75_init              scene_75_init
     00000014  ___bank_scene_76_init              scene_76_init
     00000014  ___bank_scene_77_init              scene_77_init
     00000014  ___bank_scene_78_init              scene_78_init
     00000014  ___bank_scene_79_init              scene_79_init
     00000014  ___bank_scene_80_init              scene_80_init
     00000014  ___bank_scene_81_init              scene_81_init
     00000014  ___bank_scene_82_init              scene_82_init
     00000014  ___bank_sprite_actor_animated_ti   sprite_actor_animated_tilese
     00000014  b_events_init                      events
     00000014  b_itoa_fmt                         vm_ui_a
     00000014  b_music_events_poll                music_manager
     00000014  b_music_init_driver                music_manager
     00000014  b_music_init_events                music_manager
     00000014  b_restore_sram                     flasher
     00000014  b_restore_sram_bank                flasher
ASxxxx Linker V03.00 + NoICE + sdld,  page 11.
Hexadecimal  [32-Bits]

Area                                    Addr        Size        Decimal Bytes (Attributes)
--------------------------------        ----        ----        ------- ----- ------------
.  .ABS.                            00000000    00000000 =           0. bytes (ABS,CON)

      Value  Global                              Global Defined In Module
      -----  --------------------------------   ------------------------
     00000014  b_save_sram                        flasher
     00000014  b_timers_init                      events
     00000014  b_vm_cos_scale                     vm_math
     00000014  b_vm_projectile_launch             vm_projectiles
     00000014  b_vm_projectile_load_type          vm_projectiles
     00000014  b_vm_sin_scale                     vm_math
     00000015  ___bank_bg_11                      bg_11
     00000015  ___bank_bg_12                      bg_12
     00000015  ___bank_bg_45_tileset              bg_45_tileset
     00000015  ___bank_bg_46_tileset              bg_46_tileset
     00000015  ___bank_palette_0                  palette_0
     00000015  ___bank_palette_1                  palette_1
     00000015  ___bank_scene_1                    scene_1
     00000015  ___bank_scene_10                   scene_10
     00000015  ___bank_scene_100                  scene_100
     00000015  ___bank_scene_101                  scene_101
     00000015  ___bank_scene_102                  scene_102
     00000015  ___bank_scene_103                  scene_103
     00000015  ___bank_scene_104                  scene_104
     00000015  ___bank_scene_105                  scene_105
     00000015  ___bank_scene_106                  scene_106
     00000015  ___bank_scene_107                  scene_107
     00000015  ___bank_scene_108                  scene_108
     00000015  ___bank_scene_109                  scene_109
     00000015  ___bank_scene_11                   scene_11
     00000015  ___bank_scene_110                  scene_110
     00000015  ___bank_scene_111                  scene_111
     00000015  ___bank_scene_112                  scene_112
     00000015  ___bank_scene_113                  scene_113
     00000015  ___bank_scene_12                   scene_12
     00000015  ___bank_scene_13                   scene_13
     00000015  ___bank_scene_14                   scene_14
     00000015  ___bank_scene_15                   scene_15
     00000015  ___bank_scene_16                   scene_16
     00000015  ___bank_scene_17                   scene_17
     00000015  ___bank_scene_18                   scene_18
     00000015  ___bank_scene_19                   scene_19
     00000015  ___bank_scene_2                    scene_2
     00000015  ___bank_scene_20                   scene_20
     00000015  ___bank_scene_21                   scene_21
     00000015  ___bank_scene_22                   scene_22
     00000015  ___bank_scene_23                   scene_23
     00000015  ___bank_scene_24                   scene_24
     00000015  ___bank_scene_25                   scene_25
     00000015  ___bank_scene_26                   scene_26
     00000015  ___bank_scene_27                   scene_27
     00000015  ___bank_scene_28                   scene_28
     00000015  ___bank_scene_29                   scene_29
     00000015  ___bank_scene_3                    scene_3
     00000015  ___bank_scene_30                   scene_30
     00000015  ___bank_scene_31                   scene_31
ASxxxx Linker V03.00 + NoICE + sdld,  page 12.
Hexadecimal  [32-Bits]

Area                                    Addr        Size        Decimal Bytes (Attributes)
--------------------------------        ----        ----        ------- ----- ------------
.  .ABS.                            00000000    00000000 =           0. bytes (ABS,CON)

      Value  Global                              Global Defined In Module
      -----  --------------------------------   ------------------------
     00000015  ___bank_scene_32                   scene_32
     00000015  ___bank_scene_33                   scene_33
     00000015  ___bank_scene_34                   scene_34
     00000015  ___bank_scene_35                   scene_35
     00000015  ___bank_scene_36                   scene_36
     00000015  ___bank_scene_37                   scene_37
     00000015  ___bank_scene_38                   scene_38
     00000015  ___bank_scene_39                   scene_39
     00000015  ___bank_scene_4                    scene_4
     00000015  ___bank_scene_40                   scene_40
     00000015  ___bank_scene_41                   scene_41
     00000015  ___bank_scene_42                   scene_42
     00000015  ___bank_scene_43                   scene_43
     00000015  ___bank_scene_44                   scene_44
     00000015  ___bank_scene_45                   scene_45
     00000015  ___bank_scene_46                   scene_46
     00000015  ___bank_scene_47                   scene_47
     00000015  ___bank_scene_83_init              scene_83_init
     00000015  ___bank_scene_84_init              scene_84_init
     00000015  ___bank_scene_85_init              scene_85_init
     00000015  ___bank_scene_86_init              scene_86_init
     00000015  ___bank_scene_87_init              scene_87_init
     00000015  ___bank_scene_88_init              scene_88_init
     00000015  ___bank_scene_89_init              scene_89_init
     00000015  ___bank_scene_90_init              scene_90_init
     00000015  ___bank_scene_91_init              scene_91_init
     00000015  ___bank_scene_92_init              scene_92_init
     00000015  ___bank_scene_93_init              scene_93_init
     00000015  ___bank_scene_94_init              scene_94_init
     00000015  ___bank_scene_95_init              scene_95_init
     00000015  ___bank_scene_96_init              scene_96_init
     00000015  ___bank_scene_97_init              scene_97_init
     00000015  ___bank_scene_98_init              scene_98_init
     00000015  ___bank_scene_99_init              scene_99_init
     00000015  ___bank_sprite_static_tileset      sprite_static_tileset
     00000016  ___bank_bg_13                      bg_13
     00000016  ___bank_bg_14                      bg_14
     00000016  ___bank_bg_47_tileset              bg_47_tileset
     00000016  ___bank_bg_48_tileset              bg_48_tileset
     00000016  ___bank_scene_10_init              scene_10_init
     00000016  ___bank_scene_11_init              scene_11_init
     00000016  ___bank_scene_12_init              scene_12_init
     00000016  ___bank_scene_13_init              scene_13_init
     00000016  ___bank_scene_14_init              scene_14_init
     00000016  ___bank_scene_15_init              scene_15_init
     00000016  ___bank_scene_16_init              scene_16_init
     00000016  ___bank_scene_17_init              scene_17_init
     00000016  ___bank_scene_18_init              scene_18_init
     00000016  ___bank_scene_19_init              scene_19_init
     00000016  ___bank_scene_20_init              scene_20_init
     00000016  ___bank_scene_21_init              scene_21_init
ASxxxx Linker V03.00 + NoICE + sdld,  page 13.
Hexadecimal  [32-Bits]

Area                                    Addr        Size        Decimal Bytes (Attributes)
--------------------------------        ----        ----        ------- ----- ------------
.  .ABS.                            00000000    00000000 =           0. bytes (ABS,CON)

      Value  Global                              Global Defined In Module
      -----  --------------------------------   ------------------------
     00000016  ___bank_scene_22_init              scene_22_init
     00000016  ___bank_scene_23_init              scene_23_init
     00000016  ___bank_scene_24_init              scene_24_init
     00000016  ___bank_scene_25_init              scene_25_init
     00000016  ___bank_scene_26_init              scene_26_init
     00000016  ___bank_scene_27_init              scene_27_init
     00000016  ___bank_scene_28_init              scene_28_init
     00000016  ___bank_scene_29_init              scene_29_init
     00000016  ___bank_scene_2_init               scene_2_init
     00000016  ___bank_scene_30_init              scene_30_init
     00000016  ___bank_scene_31_init              scene_31_init
     00000016  ___bank_scene_32_init              scene_32_init
     00000016  ___bank_scene_33_init              scene_33_init
     00000016  ___bank_scene_34_init              scene_34_init
     00000016  ___bank_scene_35_init              scene_35_init
     00000016  ___bank_scene_36_init              scene_36_init
     00000016  ___bank_scene_37_init              scene_37_init
     00000016  ___bank_scene_38_init              scene_38_init
     00000016  ___bank_scene_39_init              scene_39_init
     00000016  ___bank_scene_3_init               scene_3_init
     00000016  ___bank_scene_40_init              scene_40_init
     00000016  ___bank_scene_41_init              scene_41_init
     00000016  ___bank_scene_48                   scene_48
     00000016  ___bank_scene_49                   scene_49
     00000016  ___bank_scene_5                    scene_5
     00000016  ___bank_scene_50                   scene_50
     00000016  ___bank_scene_51                   scene_51
     00000016  ___bank_scene_52                   scene_52
     00000016  ___bank_scene_53                   scene_53
     00000016  ___bank_scene_54                   scene_54
     00000016  ___bank_scene_55                   scene_55
     00000016  ___bank_scene_56                   scene_56
     00000016  ___bank_scene_57                   scene_57
     00000016  ___bank_scene_58                   scene_58
     00000016  ___bank_scene_59                   scene_59
     00000016  ___bank_scene_6                    scene_6
     00000016  ___bank_scene_60                   scene_60
     00000016  ___bank_scene_60_init              scene_60_init
     00000016  ___bank_scene_61                   scene_61
     00000016  ___bank_scene_62                   scene_62
     00000016  ___bank_scene_63                   scene_63
     00000016  ___bank_scene_64                   scene_64
     00000016  ___bank_scene_65                   scene_65
     00000016  ___bank_scene_66                   scene_66
     00000016  ___bank_scene_67                   scene_67
     00000016  ___bank_scene_68                   scene_68
     00000016  ___bank_scene_69                   scene_69
     00000016  ___bank_scene_7                    scene_7
     00000016  ___bank_scene_70                   scene_70
     00000016  ___bank_scene_71                   scene_71
     00000016  ___bank_scene_72                   scene_72
ASxxxx Linker V03.00 + NoICE + sdld,  page 14.
Hexadecimal  [32-Bits]

Area                                    Addr        Size        Decimal Bytes (Attributes)
--------------------------------        ----        ----        ------- ----- ------------
.  .ABS.                            00000000    00000000 =           0. bytes (ABS,CON)

      Value  Global                              Global Defined In Module
      -----  --------------------------------   ------------------------
     00000016  ___bank_scene_73                   scene_73
     00000016  ___bank_scene_74                   scene_74
     00000016  ___bank_scene_75                   scene_75
     00000016  ___bank_scene_76                   scene_76
     00000016  ___bank_scene_77                   scene_77
     00000016  ___bank_scene_78                   scene_78
     00000016  ___bank_scene_79                   scene_79
     00000016  ___bank_scene_8                    scene_8
     00000016  ___bank_scene_80                   scene_80
     00000016  ___bank_scene_81                   scene_81
     00000016  ___bank_scene_82                   scene_82
     00000016  ___bank_scene_83                   scene_83
     00000016  ___bank_scene_84                   scene_84
     00000016  ___bank_scene_85                   scene_85
     00000016  ___bank_scene_86                   scene_86
     00000016  ___bank_scene_87                   scene_87
     00000016  ___bank_scene_88                   scene_88
     00000016  ___bank_scene_89                   scene_89
     00000016  ___bank_scene_9                    scene_9
     00000016  ___bank_scene_90                   scene_90
     00000016  ___bank_scene_91                   scene_91
     00000016  ___bank_scene_92                   scene_92
     00000016  ___bank_scene_93                   scene_93
     00000016  ___bank_scene_94                   scene_94
     00000016  ___bank_scene_95                   scene_95
     00000016  ___bank_scene_96                   scene_96
     00000016  ___bank_scene_97                   scene_97
     00000016  ___bank_scene_98                   scene_98
     00000016  ___bank_scene_99                   scene_99
     00000016  ___bank_sprite_static              sprite_static
     00000016  b_SIO_init                         sio
     00000016  b_input_init                       input
     00000017  ___bank_bg_15                      bg_15
     00000017  ___bank_bg_16                      bg_16
     00000017  ___bank_bg_49_tileset              bg_49_tileset
     00000017  ___bank_bg_5_tileset               bg_5_tileset
     00000017  ___bank_scene_42_init              scene_42_init
     00000017  ___bank_scene_43_init              scene_43_init
     00000017  ___bank_scene_44_init              scene_44_init
     00000017  ___bank_scene_45_init              scene_45_init
     00000017  ___bank_scene_46_init              scene_46_init
     00000017  ___bank_scene_47_init              scene_47_init
     00000017  ___bank_scene_48_init              scene_48_init
     00000017  ___bank_scene_49_init              scene_49_init
     00000017  ___bank_scene_50_init              scene_50_init
     00000017  ___bank_scene_51_init              scene_51_init
     00000017  ___bank_scene_52_init              scene_52_init
     00000017  ___bank_scene_53_init              scene_53_init
     00000017  ___bank_scene_54_init              scene_54_init
     00000017  ___bank_scene_55_init              scene_55_init
     00000017  ___bank_scene_56_init              scene_56_init
ASxxxx Linker V03.00 + NoICE + sdld,  page 15.
Hexadecimal  [32-Bits]

Area                                    Addr        Size        Decimal Bytes (Attributes)
--------------------------------        ----        ----        ------- ----- ------------
.  .ABS.                            00000000    00000000 =           0. bytes (ABS,CON)

      Value  Global                              Global Defined In Module
      -----  --------------------------------   ------------------------
     00000017  ___bank_scene_57_init              scene_57_init
     00000017  ___bank_scene_58_init              scene_58_init
     00000017  ___bank_scene_59_init              scene_59_init
     00000017  ___bank_scene_7_init               scene_7_init
     00000017  ___bank_scene_8_init               scene_8_init
     00000017  ___bank_scene_9_init               scene_9_init
     00000017  ___bank_script_input_1             script_input_1
     00000017  ___bank_script_input_10            script_input_10
     00000017  ___bank_script_input_100           script_input_100
     00000017  ___bank_script_input_101           script_input_101
     00000017  ___bank_script_input_102           script_input_102
     00000017  ___bank_script_input_103           script_input_103
     00000017  ___bank_script_input_104           script_input_104
     00000017  ___bank_script_input_105           script_input_105
     00000017  ___bank_script_input_106           script_input_106
     00000017  ___bank_script_input_107           script_input_107
     00000017  ___bank_script_input_108           script_input_108
     00000017  ___bank_script_input_109           script_input_109
     00000017  ___bank_script_input_11            script_input_11
     00000017  ___bank_script_input_110           script_input_110
     00000017  ___bank_script_input_111           script_input_111
     00000017  ___bank_script_input_112           script_input_112
     00000017  ___bank_script_input_113           script_input_113
     00000017  ___bank_script_input_114           script_input_114
     00000017  ___bank_script_input_115           script_input_115
     00000017  ___bank_script_input_116           script_input_116
     00000017  ___bank_script_input_117           script_input_117
     00000017  ___bank_script_input_118           script_input_118
     00000017  ___bank_script_input_119           script_input_119
     00000017  ___bank_script_input_12            script_input_12
     00000017  ___bank_script_input_120           script_input_120
     00000017  ___bank_script_input_121           script_input_121
     00000017  ___bank_script_input_122           script_input_122
     00000017  ___bank_script_input_123           script_input_123
     00000017  ___bank_script_input_124           script_input_124
     00000017  ___bank_script_input_125           script_input_125
     00000017  ___bank_script_input_126           script_input_126
     00000017  ___bank_script_input_127           script_input_127
     00000017  ___bank_script_input_128           script_input_128
     00000017  ___bank_script_input_129           script_input_129
     00000017  ___bank_script_input_13            script_input_13
     00000017  ___bank_script_input_130           script_input_130
     00000017  ___bank_script_input_131           script_input_131
     00000017  ___bank_script_input_132           script_input_132
     00000017  ___bank_script_input_133           script_input_133
     00000017  ___bank_script_input_134           script_input_134
     00000017  ___bank_script_input_135           script_input_135
     00000017  ___bank_script_input_136           script_input_136
     00000017  ___bank_script_input_137           script_input_137
     00000017  ___bank_script_input_138           script_input_138
     00000017  ___bank_script_input_139           script_input_139
ASxxxx Linker V03.00 + NoICE + sdld,  page 16.
Hexadecimal  [32-Bits]

Area                                    Addr        Size        Decimal Bytes (Attributes)
--------------------------------        ----        ----        ------- ----- ------------
.  .ABS.                            00000000    00000000 =           0. bytes (ABS,CON)

      Value  Global                              Global Defined In Module
      -----  --------------------------------   ------------------------
     00000017  ___bank_script_input_14            script_input_14
     00000017  ___bank_script_input_140           script_input_140
     00000017  ___bank_script_input_141           script_input_141
     00000017  ___bank_script_input_142           script_input_142
     00000017  ___bank_script_input_143           script_input_143
     00000017  ___bank_script_input_144           script_input_144
     00000017  ___bank_script_input_145           script_input_145
     00000017  ___bank_script_input_146           script_input_146
     00000017  ___bank_script_input_147           script_input_147
     00000017  ___bank_script_input_148           script_input_148
     00000017  ___bank_script_input_149           script_input_149
     00000017  ___bank_script_input_15            script_input_15
     00000017  ___bank_script_input_150           script_input_150
     00000017  ___bank_script_input_151           script_input_151
     00000017  ___bank_script_input_152           script_input_152
     00000017  ___bank_script_input_153           script_input_153
     00000017  ___bank_script_input_154           script_input_154
     00000017  ___bank_script_input_155           script_input_155
     00000017  ___bank_script_input_156           script_input_156
     00000017  ___bank_script_input_157           script_input_157
     00000017  ___bank_script_input_158           script_input_158
     00000017  ___bank_script_input_159           script_input_159
     00000017  ___bank_script_input_16            script_input_16
     00000017  ___bank_script_input_160           script_input_160
     00000017  ___bank_script_input_161           script_input_161
     00000017  ___bank_script_input_162           script_input_162
     00000017  ___bank_script_input_163           script_input_163
     00000017  ___bank_script_input_164           script_input_164
     00000017  ___bank_script_input_165           script_input_165
     00000017  ___bank_script_input_166           script_input_166
     00000017  ___bank_script_input_167           script_input_167
     00000017  ___bank_script_input_168           script_input_168
     00000017  ___bank_script_input_169           script_input_169
     00000017  ___bank_script_input_17            script_input_17
     00000017  ___bank_script_input_170           script_input_170
     00000017  ___bank_script_input_171           script_input_171
     00000017  ___bank_script_input_18            script_input_18
     00000017  ___bank_script_input_19            script_input_19
     00000017  ___bank_script_input_2             script_input_2
     00000017  ___bank_script_input_20            script_input_20
     00000017  ___bank_script_input_21            script_input_21
     00000017  ___bank_script_input_22            script_input_22
     00000017  ___bank_script_input_23            script_input_23
     00000017  ___bank_script_input_24            script_input_24
     00000017  ___bank_script_input_25            script_input_25
     00000017  ___bank_script_input_26            script_input_26
     00000017  ___bank_script_input_27            script_input_27
     00000017  ___bank_script_input_28            script_input_28
     00000017  ___bank_script_input_29            script_input_29
     00000017  ___bank_script_input_3             script_input_3
     00000017  ___bank_script_input_30            script_input_30
ASxxxx Linker V03.00 + NoICE + sdld,  page 17.
Hexadecimal  [32-Bits]

Area                                    Addr        Size        Decimal Bytes (Attributes)
--------------------------------        ----        ----        ------- ----- ------------
.  .ABS.                            00000000    00000000 =           0. bytes (ABS,CON)

      Value  Global                              Global Defined In Module
      -----  --------------------------------   ------------------------
     00000017  ___bank_script_input_31            script_input_31
     00000017  ___bank_script_input_32            script_input_32
     00000017  ___bank_script_input_33            script_input_33
     00000017  ___bank_script_input_34            script_input_34
     00000017  ___bank_script_input_35            script_input_35
     00000017  ___bank_script_input_36            script_input_36
     00000017  ___bank_script_input_37            script_input_37
     00000017  ___bank_script_input_38            script_input_38
     00000017  ___bank_script_input_39            script_input_39
     00000017  ___bank_script_input_4             script_input_4
     00000017  ___bank_script_input_40            script_input_40
     00000017  ___bank_script_input_41            script_input_41
     00000017  ___bank_trigger_0_interact         trigger_0_interact
     00000018  ___bank_bg_17                      bg_17
     00000018  ___bank_bg_18                      bg_18
     00000018  ___bank_bg_19                      bg_19
     00000018  ___bank_bg_2                       bg_2
     00000018  ___bank_bg_20                      bg_20
     00000018  ___bank_bg_21                      bg_21
     00000018  ___bank_bg_22                      bg_22
     00000018  ___bank_bg_23                      bg_23
     00000018  ___bank_bg_24                      bg_24
     00000018  ___bank_bg_25                      bg_25
     00000018  ___bank_bg_26                      bg_26
     00000018  ___bank_bg_27                      bg_27
     00000018  ___bank_bg_28                      bg_28
     00000018  ___bank_bg_29                      bg_29
     00000018  ___bank_bg_3                       bg_3
     00000018  ___bank_bg_30                      bg_30
     00000018  ___bank_bg_31                      bg_31
     00000018  ___bank_bg_32                      bg_32
     00000018  ___bank_bg_33                      bg_33
     00000018  ___bank_bg_34                      bg_34
     00000018  ___bank_bg_35                      bg_35
     00000018  ___bank_bg_36                      bg_36
     00000018  ___bank_bg_37                      bg_37
     00000018  ___bank_bg_38                      bg_38
     00000018  ___bank_bg_39                      bg_39
     00000018  ___bank_bg_4                       bg_4
     00000018  ___bank_bg_40                      bg_40
     00000018  ___bank_bg_41                      bg_41
     00000018  ___bank_bg_42                      bg_42
     00000018  ___bank_bg_43                      bg_43
     00000018  ___bank_bg_44                      bg_44
     00000018  ___bank_bg_45                      bg_45
     00000018  ___bank_bg_46                      bg_46
     00000018  ___bank_bg_47                      bg_47
     00000018  ___bank_bg_48                      bg_48
     00000018  ___bank_bg_49                      bg_49
     00000018  ___bank_bg_5                       bg_5
     00000018  ___bank_bg_50                      bg_50
ASxxxx Linker V03.00 + NoICE + sdld,  page 18.
Hexadecimal  [32-Bits]

Area                                    Addr        Size        Decimal Bytes (Attributes)
--------------------------------        ----        ----        ------- ----- ------------
.  .ABS.                            00000000    00000000 =           0. bytes (ABS,CON)

      Value  Global                              Global Defined In Module
      -----  --------------------------------   ------------------------
     00000018  ___bank_bg_50_tileset              bg_50_tileset
     00000018  ___bank_bg_51                      bg_51
     00000018  ___bank_bg_51_tileset              bg_51_tileset
     00000018  ___bank_bg_52                      bg_52
     00000018  ___bank_bg_53                      bg_53
     00000018  ___bank_bg_54                      bg_54
     00000018  ___bank_bg_55                      bg_55
     00000018  ___bank_bg_56                      bg_56
     00000018  ___bank_bg_6                       bg_6
     00000018  ___bank_bg_7                       bg_7
     00000018  ___bank_bg_8                       bg_8
     00000018  ___bank_bg_9                       bg_9
     00000018  ___bank_bg_dialogue_background     bg_dialogue_background
     00000018  ___bank_bg_map                     bg_map
     00000018  ___bank_bg_map2                    bg_map2
     00000018  ___bank_bg_title_screen            bg_title_screen
     00000018  ___bank_scene_4_triggers           scene_4_triggers
     00000018  ___bank_script_input_42            script_input_42
     00000018  ___bank_script_input_43            script_input_43
     00000018  ___bank_script_input_44            script_input_44
     00000018  ___bank_script_input_45            script_input_45
     00000018  ___bank_script_input_46            script_input_46
     00000018  ___bank_script_input_47            script_input_47
     00000018  ___bank_script_input_48            script_input_48
     00000018  ___bank_script_input_49            script_input_49
     00000018  ___bank_script_input_5             script_input_5
     00000018  ___bank_script_input_50            script_input_50
     00000018  ___bank_script_input_51            script_input_51
     00000018  ___bank_script_input_52            script_input_52
     00000018  ___bank_script_input_53            script_input_53
     00000018  ___bank_script_input_54            script_input_54
     00000018  ___bank_script_input_55            script_input_55
     00000018  ___bank_script_input_56            script_input_56
     00000018  ___bank_script_input_57            script_input_57
     00000018  ___bank_script_input_58            script_input_58
     00000018  ___bank_script_input_59            script_input_59
     00000018  ___bank_script_input_6             script_input_6
     00000018  ___bank_script_input_60            script_input_60
     00000018  ___bank_script_input_61            script_input_61
     00000018  ___bank_script_input_62            script_input_62
     00000018  ___bank_script_input_63            script_input_63
     00000018  ___bank_script_input_64            script_input_64
     00000018  ___bank_script_input_65            script_input_65
     00000018  ___bank_script_input_66            script_input_66
     00000018  ___bank_script_input_67            script_input_67
     00000018  ___bank_script_input_68            script_input_68
     00000018  ___bank_script_input_69            script_input_69
     00000018  ___bank_script_input_7             script_input_7
     00000018  ___bank_script_input_70            script_input_70
     00000018  ___bank_script_input_71            script_input_71
     00000018  ___bank_script_input_72            script_input_72
ASxxxx Linker V03.00 + NoICE + sdld,  page 19.
Hexadecimal  [32-Bits]

Area                                    Addr        Size        Decimal Bytes (Attributes)
--------------------------------        ----        ----        ------- ----- ------------
.  .ABS.                            00000000    00000000 =           0. bytes (ABS,CON)

      Value  Global                              Global Defined In Module
      -----  --------------------------------   ------------------------
     00000018  ___bank_script_input_73            script_input_73
     00000018  ___bank_script_input_74            script_input_74
     00000018  ___bank_script_input_75            script_input_75
     00000018  ___bank_script_input_76            script_input_76
     00000018  ___bank_script_input_77            script_input_77
     00000018  ___bank_script_input_78            script_input_78
     00000018  ___bank_script_input_79            script_input_79
     00000018  ___bank_script_input_8             script_input_8
     00000018  ___bank_script_input_80            script_input_80
     00000018  ___bank_script_input_81            script_input_81
     00000018  ___bank_script_input_82            script_input_82
     00000018  ___bank_script_input_83            script_input_83
     00000018  ___bank_script_input_84            script_input_84
     00000018  ___bank_script_input_85            script_input_85
     00000018  ___bank_script_input_86            script_input_86
     00000018  ___bank_script_input_87            script_input_87
     00000018  ___bank_script_input_88            script_input_88
     00000018  ___bank_script_input_89            script_input_89
     00000018  ___bank_script_input_9             script_input_9
     00000018  ___bank_script_input_90            script_input_90
     00000018  ___bank_script_input_91            script_input_91
     00000018  ___bank_script_input_92            script_input_92
     00000018  ___bank_script_input_93            script_input_93
     00000018  ___bank_script_input_94            script_input_94
     00000018  ___bank_script_input_95            script_input_95
     00000018  ___bank_script_input_96            script_input_96
     00000018  ___bank_script_input_97            script_input_97
     00000018  ___bank_script_input_98            script_input_98
     00000018  ___bank_script_input_99            script_input_99
     00000019  ___bank_bg_52_tileset              bg_52_tileset
     00000019  ___bank_bg_53_tileset              bg_53_tileset
     00000019  l__INITIALIZED                  
     00000019  l__INITIALIZER                  
     0000001A  ___bank_bg_54_tileset              bg_54_tileset
     0000001A  ___bank_bg_55_tileset              bg_55_tileset
     0000001B  ___bank_bg_56_tileset              bg_56_tileset
     0000001B  ___bank_bg_6_tileset               bg_6_tileset
     0000001C  ___bank_bg_7_tileset               bg_7_tileset
     0000001C  ___bank_bg_8_tileset               bg_8_tileset
     0000001C  __start_save                    
     0000001D  ___bank_bg_9_tileset               bg_9_tileset
     0000001D  ___bank_bg_title_screen_tileset    bg_title_screen_tileset
     0000001E  ___bank_ACTOR                      actor
     0000001E  b_activate_actor                   actor
     0000001E  b_activate_actors_in_col           actor
     0000001E  b_activate_actors_in_row           actor
     0000001E  b_actor_at_tile                    actor
     0000001E  b_actor_get_frame_offset           actor
     0000001E  b_actor_in_front_of_player         actor
     0000001E  b_actor_overlapping_bb             actor
     0000001E  b_actor_overlapping_player         actor
ASxxxx Linker V03.00 + NoICE + sdld,  page 20.
Hexadecimal  [32-Bits]

Area                                    Addr        Size        Decimal Bytes (Attributes)
--------------------------------        ----        ----        ------- ----- ------------
.  .ABS.                            00000000    00000000 =           0. bytes (ABS,CON)

      Value  Global                              Global Defined In Module
      -----  --------------------------------   ------------------------
     0000001E  b_actor_set_anim_idle              actor
     0000001E  b_actor_set_anim_moving            actor
     0000001E  b_actor_set_dir                    actor
     0000001E  b_actor_set_frame_offset           actor
     0000001E  b_actor_set_frames                 actor
     0000001E  b_actors_handle_player_collision   actor
     0000001E  b_actors_init                      actor
     0000001E  b_check_collision_in_direction     actor
     0000001E  b_deactivate_actor                 actor
     0000001E  b_player_init                      actor
     0000002D  l__GSINIT                       
     00000030  l__HEADER6                      
     0000004E  l__HEADER4                      
     00000082  l__HEADER10                     
     000001CB  l__CRASH_SCRATCH2               
     00000200  s__CODE                         
     000007A4  l__CODE                         
     000009A4  s__HOME                         
     000015BA  l__CODE_30                      
     0000197C  l__DATA                         
     00002000  _rROMB0                            
     00002C7E  l__HOME                         
     00002D04  l__CODE_25                      
     00002D04  l__CODE_26                      
     00002D04  l__CODE_27                      
     00002D04  l__CODE_28                      
     00002D04  l__CODE_29                      
     00003000  _rROMB1                            
     00003622  s__BASE                         
     00003622  s__CODE_0                       
     00003622  s__INITIALIZER                  
     00003622  s__LIT                          
     0000363B  s__GSINIT                       
     00003668  s__GSFINAL                      
     000038FF  l__CODE_24                      
     00003FF0  l__CODE_1                       
     00003FF9  l__CODE_14                      
     00003FFA  l__CODE_10                      
     00003FFA  l__CODE_8                       
     00003FFC  l__CODE_11                      
     00003FFC  l__CODE_20                      
     00003FFC  l__CODE_4                       
     00003FFD  l__CODE_13                      
     00003FFD  l__CODE_3                       
     00003FFD  l__CODE_9                       
     00003FFE  l__CODE_15                      
     00003FFE  l__CODE_21                      
     00003FFE  l__CODE_5                       
     00003FFF  l__CODE_22                      
     00003FFF  l__CODE_6                       
     00004000  _RTC_SELECT_REG                    vm_rtc
ASxxxx Linker V03.00 + NoICE + sdld,  page 21.
Hexadecimal  [32-Bits]

Area                                    Addr        Size        Decimal Bytes (Attributes)
--------------------------------        ----        ----        ------- ----- ------------
.  .ABS.                            00000000    00000000 =           0. bytes (ABS,CON)

      Value  Global                              Global Defined In Module
      -----  --------------------------------   ------------------------
     00004000  _rRAMB                             
     00004000  l__CODE_12                      
     00004000  l__CODE_16                      
     00004000  l__CODE_17                      
     00004000  l__CODE_18                      
     00004000  l__CODE_19                      
     00004000  l__CODE_2                       
     00004000  l__CODE_23                      
     00004000  l__CODE_7                       
     00006000  _RTC_LATCH_REG                     vm_rtc
     00008000  __VRAM                             
     00008000  __VRAM8000                         
     00008800  __VRAM8800                         
     00009000  __VRAM9000                         
     00009800  __SCRN0                            
     00009C00  __SCRN1                            
     0000A000  _RTC_VALUE_REG                     vm_rtc
     0000A000  __SRAM                             
     0000C000  __RAM                              
     0000C000  _shadow_OAM                     
     0000C0A0  s__DATA                         
     0000D000  __RAMBANK                          
     0000DA1C  s__BSS                          
     0000DA1C  s__INITIALIZED                  
     0000DA35  s__HEAP                         
     0000DF00  .STACK                          
     0000DF00  _shadow_OAM2                       absolute
     0000DFA0  _BkgPalette                        absolute
     0000DFE0  _vwf_tile_data                     absolute
     0000FE00  __OAMRAM                           
     0000FF00  _P1_REG                            
     0000FF00  __IO                               
     0000FF01  _SB_REG                            
     0000FF02  _SC_REG                            
     0000FF04  _DIV_REG                           
     0000FF05  _TIMA_REG                          
     0000FF06  _TMA_REG                           
     0000FF07  _TAC_REG                           
     0000FF0F  _IF_REG                            
     0000FF10  _NR10_REG                          
     0000FF11  _NR11_REG                          
     0000FF12  _NR12_REG                          
     0000FF13  _NR13_REG                          
     0000FF14  _NR14_REG                          
     0000FF16  _NR21_REG                          
     0000FF17  _NR22_REG                          
     0000FF18  _NR23_REG                          
     0000FF19  _NR24_REG                          
     0000FF1A  _NR30_REG                          
     0000FF1B  _NR31_REG                          
     0000FF1C  _NR32_REG                          
ASxxxx Linker V03.00 + NoICE + sdld,  page 22.
Hexadecimal  [32-Bits]

Area                                    Addr        Size        Decimal Bytes (Attributes)
--------------------------------        ----        ----        ------- ----- ------------
.  .ABS.                            00000000    00000000 =           0. bytes (ABS,CON)

      Value  Global                              Global Defined In Module
      -----  --------------------------------   ------------------------
     0000FF1D  _NR33_REG                          
     0000FF1E  _NR34_REG                          
     0000FF20  _NR41_REG                          
     0000FF21  _NR42_REG                          
     0000FF22  _NR43_REG                          
     0000FF23  _NR44_REG                          
     0000FF24  _NR50_REG                          
     0000FF25  _NR51_REG                          
     0000FF26  _NR52_REG                          
     0000FF30  _AUD3WAVE                          
     0000FF30  _PCM_SAMPLE                        
     0000FF30  __AUD3WAVERAM                      
     0000FF40  _LCDC_REG                          
     0000FF41  _STAT_REG                          
     0000FF42  _SCY_REG                           
     0000FF43  _SCX_REG                           
     0000FF44  _LY_REG                            
     0000FF45  _LYC_REG                           
     0000FF46  _DMA_REG                           
     0000FF47  _BGP_REG                           
     0000FF48  _OBP0_REG                          
     0000FF49  _OBP1_REG                          
     0000FF4A  _WY_REG                            
     0000FF4B  _WX_REG                            
     0000FF4D  _KEY1_REG                          
     0000FF4F  _VBK_REG                           
     0000FF51  _HDMA1_REG                         
     0000FF52  _HDMA2_REG                         
     0000FF53  _HDMA3_REG                         
     0000FF54  _HDMA4_REG                         
     0000FF55  _HDMA5_REG                         
     0000FF56  _RP_REG                            
     0000FF68  _BCPS_REG                          
     0000FF69  _BCPD_REG                          
     0000FF6A  _OCPS_REG                          
     0000FF6B  _OCPD_REG                          
     0000FF70  _SVBK_REG                          
     0000FF76  _PCM12_REG                         
     0000FF77  _PCM34_REG                         
     0000FF80  .refresh_OAM                    
     0000FF80  __HRAM                             
     0000FFFF  _IE_REG                            
     00014000  s__CODE_1                       
     00024000  s__CODE_2                       
     00034000  s__CODE_3                       
     00044000  s__CODE_4                       
     00054000  s__CODE_5                       
     00064000  s__CODE_6                       
     00074000  s__CODE_7                       
     00084000  s__CODE_8                       
     00094000  s__CODE_9                       
ASxxxx Linker V03.00 + NoICE + sdld,  page 23.
Hexadecimal  [32-Bits]

Area                                    Addr        Size        Decimal Bytes (Attributes)
--------------------------------        ----        ----        ------- ----- ------------
.  .ABS.                            00000000    00000000 =           0. bytes (ABS,CON)

      Value  Global                              Global Defined In Module
      -----  --------------------------------   ------------------------
     000A4000  s__CODE_10                      
     000B4000  s__CODE_11                      
     000C4000  s__CODE_12                      
     000D4000  s__CODE_13                      
     000E4000  s__CODE_14                      
     000F4000  s__CODE_15                      
     00104000  s__CODE_16                      
     00114000  s__CODE_17                      
     00124000  s__CODE_18                      
     00134000  s__CODE_19                      
     00144000  s__CODE_20                      
     00154000  s__CODE_21                      
     00164000  s__CODE_22                      
     00174000  s__CODE_23                      
     00184000  s__CODE_24                      
     00194000  s__CODE_25                      
     001A4000  s__CODE_26                      
     001B4000  s__CODE_27                      
     001C4000  s__CODE_28                      
     001D4000  s__CODE_29                      
     001E4000  s__CODE_30                      

ASxxxx Linker V03.00 + NoICE + sdld,  page 24.
Hexadecimal  [32-Bits]

Area                                    Addr        Size        Decimal Bytes (Attributes)
--------------------------------        ----        ----        ------- ----- ------------
_CODE                               00000200    000007A4 =        1956. bytes (REL,CON)

      Value  Global                              Global Defined In Module
      -----  --------------------------------   ------------------------
     00000200  ___HandleCrash                     
     0000020A  _SIO_send_byte                     
     0000021D  _SIO_receive                       
[...]
                                          [ script_input_159 ]
C:/Users/brend/AppData/Local/Temp/_gbsbuild/obj/script_input_16.rel
                                          [ script_input_16 ]
C:/Users/brend/AppData/Local/Temp/_gbsbuild/obj/script_input_160.rel
                                          [ script_input_160 ]
C:/Users/brend/AppData/Local/Temp/_gbsbuild/obj/script_input_161.rel
                                          [ script_input_161 ]
C:/Users/brend/AppData/Local/Temp/_gbsbuild/obj/script_input_162.rel
                                          [ script_input_162 ]
C:/Users/brend/AppData/Local/Temp/_gbsbuild/obj/script_input_163.rel
                                          [ script_input_163 ]
C:/Users/brend/AppData/Local/Temp/_gbsbuild/obj/script_input_164.rel
                                          [ script_input_164 ]
C:/Users/brend/AppData/Local/Temp/_gbsbuild/obj/script_input_165.rel
                                          [ script_input_165 ]
C:/Users/brend/AppData/Local/Temp/_gbsbuild/obj/script_input_166.rel
                                          [ script_input_166 ]
C:/Users/brend/AppData/Local/Temp/_gbsbuild/obj/script_input_167.rel
                                          [ script_input_167 ]
C:/Users/brend/AppData/Local/Temp/_gbsbuild/obj/script_input_168.rel
                                          [ script_input_168 ]
C:/Users/brend/AppData/Local/Temp/_gbsbuild/obj/script_input_169.rel
                                          [ script_input_169 ]
C:/Users/brend/AppData/Local/Temp/_gbsbuild/obj/script_input_17.rel
                                          [ script_input_17 ]
C:/Users/brend/AppData/Local/Temp/_gbsbuild/obj/script_input_170.rel
                                          [ script_input_170 ]
C:/Users/brend/AppData/Local/Temp/_gbsbuild/obj/script_input_171.rel
                                          [ script_input_171 ]
C:/Users/brend/AppData/Local/Temp/_gbsbuild/obj/script_input_18.rel
                                          [ script_input_18 ]
C:/Users/brend/AppData/Local/Temp/_gbsbuild/obj/script_input_19.rel
                                          [ script_input_19 ]
C:/Users/brend/AppData/Local/Temp/_gbsbuild/obj/script_input_2.rel
                                          [ script_input_2 ]
C:/Users/brend/AppData/Local/Temp/_gbsbuild/obj/script_input_20.rel
                                          [ script_input_20 ]
C:/Users/brend/AppData/Local/Temp/_gbsbuild/obj/script_input_21.rel
                                          [ script_input_21 ]
C:/Users/brend/AppData/Local/Temp/_gbsbuild/obj/script_input_22.rel
                                          [ script_input_22 ]
C:/Users/brend/AppData/Local/Temp/_gbsbuild/obj/script_input_23.rel
                                          [ script_input_23 ]
C:/Users/brend/AppData/Local/Temp/_gbsbuild/obj/script_input_24.rel
                                          [ script_input_24 ]
C:/Users/brend/AppData/Local/Temp/_gbsbuild/obj/script_input_25.rel
                                          [ script_input_25 ]
C:/Users/brend/AppData/Local/Temp/_gbsbuild/obj/script_input_26.rel
                                          [ script_input_26 ]
C:/Users/brend/AppData/Local/Temp/_gbsbuild/obj/script_input_27.rel
                                          [ script_input_27 ]
C:/Users/brend/AppData/Local/Temp/_gbsbuild/obj/script_input_28.rel
                                          [ script_input_28 ]
C:/Users/brend/AppData/Local/Temp/_gbsbuild/obj/script_input_29.rel
                                          [ script_input_29 ]
C:/Users/brend/AppData/Local/Temp/_gbsbuild/obj/script_input_3.rel
                                          [ script_input_3 ]
C:/Users/brend/AppData/Local/Temp/_gbsbuild/obj/script_input_30.rel
                                          [ script_input_30 ]
C:/Users/brend/AppData/Local/Temp/_gbsbuild/obj/script_input_31.rel
                                          [ script_input_31 ]
C:/Users/brend/AppData/Local/Temp/_gbsbuild/obj/script_input_32.rel
                                          [ script_input_32 ]
C:/Users/brend/AppData/Local/Temp/_gbsbuild/obj/script_input_33.rel
                                          [ script_input_33 ]
C:/Users/brend/AppData/Local/Temp/_gbsbuild/obj/script_input_34.rel
                                          [ script_input_34 ]
C:/Users/brend/AppData/Local/Temp/_gbsbuild/obj/script_input_35.rel
                                          [ script_input_35 ]
C:/Users/brend/AppData/Local/Temp/_gbsbuild/obj/script_input_36.rel
                                          [ script_input_36 ]
C:/Users/brend/AppData/Local/Temp/_gbsbuild/obj/script_input_37.rel
                                          [ script_input_37 ]
C:/Users/brend/AppData/Local/Temp/_gbsbuild/obj/script_input_38.rel
                                          [ script_input_38 ]
C:/Users/brend/AppData/Local/Temp/_gbsbuild/obj/script_input_39.rel
                                          [ script_input_39 ]
C:/Users/brend/AppData/Local/Temp/_gbsbuild/obj/script_input_4.rel
                                          [ script_input_4 ]
C:/Users/brend/AppData/Local/Temp/_gbsbuild/obj/script_input_40.rel
                                          [ script_input_40 ]
C:/Users/brend/AppData/Local/Temp/_gbsbuild/obj/script_input_41.rel
                                          [ script_input_41 ]
C:/Users/brend/AppData/Local/Temp/_gbsbuild/obj/script_input_42.rel
                                          [ script_input_42 ]
C:/Users/brend/AppData/Local/Temp/_gbsbuild/obj/script_input_43.rel
                                          [ script_input_43 ]
C:/Users/brend/AppData/Local/Temp/_gbsbuild/obj/script_input_44.rel
                                          [ script_input_44 ]
C:/Users/brend/AppData/Local/Temp/_gbsbuild/obj/script_input_45.rel
                                          [ script_input_45 ]
C:/Users/brend/AppData/Local/Temp/_gbsbuild/obj/script_input_46.rel
                                          [ script_input_46 ]
C:/Users/brend/AppData/Local/Temp/_gbsbuild/obj/script_input_47.rel
                                          [ script_input_47 ]
C:/Users/brend/AppData/Local/Temp/_gbsbuild/obj/script_input_48.rel
                                          [ script_input_48 ]
C:/Users/brend/AppData/Local/Temp/_gbsbuild/obj/script_input_49.rel
                                          [ script_input_49 ]
C:/Users/brend/AppData/Local/Temp/_gbsbuild/obj/script_input_5.rel
                                          [ script_input_5 ]
C:/Users/brend/AppData/Local/Temp/_gbsbuild/obj/script_input_50.rel
                                          [ script_input_50 ]
C:/Users/brend/AppData/Local/Temp/_gbsbuild/obj/script_input_51.rel
                                          [ script_input_51 ]
C:/Users/brend/AppData/Local/Temp/_gbsbuild/obj/script_input_52.rel
                                          [ script_input_52 ]
C:/Users/brend/AppData/Local/Temp/_gbsbuild/obj/script_input_53.rel
                                          [ script_input_53 ]
C:/Users/brend/AppData/Local/Temp/_gbsbuild/obj/script_input_54.rel
                                          [ script_input_54 ]
C:/Users/brend/AppData/Local/Temp/_gbsbuild/obj/script_input_55.rel
                                          [ script_input_55 ]
C:/Users/brend/AppData/Local/Temp/_gbsbuild/obj/script_input_56.rel
                                          [ script_input_56 ]
C:/Users/brend/AppData/Local/Temp/_gbsbuild/obj/script_input_57.rel
                                          [ script_input_57 ]
C:/Users/brend/AppData/Local/Temp/_gbsbuild/obj/script_input_58.rel
                                          [ script_input_58 ]
C:/Users/brend/AppData/Local/Temp/_gbsbuild/obj/script_input_59.rel
                                          [ script_input_59 ]
C:/Users/brend/AppData/Local/Temp/_gbsbuild/obj/script_input_6.rel
                                          [ script_input_6 ]
C:/Users/brend/AppData/Local/Temp/_gbsbuild/obj/script_input_60.rel
                                          [ script_input_60 ]
C:/Users/brend/AppData/Local/Temp/_gbsbuild/obj/script_input_61.rel
                                          [ script_input_61 ]
C:/Users/brend/AppData/Local/Temp/_gbsbuild/obj/script_input_62.rel
                                          [ script_input_62 ]
C:/Users/brend/AppData/Local/Temp/_gbsbuild/obj/script_input_63.rel
                                          [ script_input_63 ]
C:/Users/brend/AppData/Local/Temp/_gbsbuild/obj/script_input_64.rel
                                          [ script_input_64 ]
C:/Users/brend/AppData/Local/Temp/_gbsbuild/obj/script_input_65.rel
                                          [ script_input_65 ]
C:/Users/brend/AppData/Local/Temp/_gbsbuild/obj/script_input_66.rel
                                          [ script_input_66 ]
C:/Users/brend/AppData/Local/Temp/_gbsbuild/obj/script_input_67.rel
                                          [ script_input_67 ]
C:/Users/brend/AppData/Local/Temp/_gbsbuild/obj/script_input_68.rel
                                          [ script_input_68 ]
C:/Users/brend/AppData/Local/Temp/_gbsbuild/obj/script_input_69.rel
                                          [ script_input_69 ]
C:/Users/brend/AppData/Local/Temp/_gbsbuild/obj/script_input_7.rel
                                          [ script_input_7 ]
C:/Users/brend/AppData/Local/Temp/_gbsbuild/obj/script_input_70.rel
                                          [ script_input_70 ]
C:/Users/brend/AppData/Local/Temp/_gbsbuild/obj/script_input_71.rel
                                          [ script_input_71 ]
C:/Users/brend/AppData/Local/Temp/_gbsbuild/obj/script_input_72.rel
                                          [ script_input_72 ]
C:/Users/brend/AppData/Local/Temp/_gbsbuild/obj/script_input_73.rel
                                          [ script_input_73 ]
C:/Users/brend/AppData/Local/Temp/_gbsbuild/obj/script_input_74.rel
                                          [ script_input_74 ]
C:/Users/brend/AppData/Local/Temp/_gbsbuild/obj/script_input_75.rel
                                          [ script_input_75 ]
C:/Users/brend/AppData/Local/Temp/_gbsbuild/obj/script_input_76.rel
                                          [ script_input_76 ]
C:/Users/brend/AppData/Local/Temp/_gbsbuild/obj/script_input_77.rel
                                          [ script_input_77 ]
C:/Users/brend/AppData/Local/Temp/_gbsbuild/obj/script_input_78.rel
                                          [ script_input_78 ]
C:/Users/brend/AppData/Local/Temp/_gbsbuild/obj/script_input_79.rel
                                          [ script_input_79 ]
C:/Users/brend/AppData/Local/Temp/_gbsbuild/obj/script_input_8.rel
                                          [ script_input_8 ]
C:/Users/brend/AppData/Local/Temp/_gbsbuild/obj/script_input_80.rel
                                          [ script_input_80 ]
C:/Users/brend/AppData/Local/Temp/_gbsbuild/obj/script_input_81.rel
                                          [ script_input_81 ]
C:/Users/brend/AppData/Local/Temp/_gbsbuild/obj/script_input_82.rel
                                          [ script_input_82 ]
C:/Users/brend/AppData/Local/Temp/_gbsbuild/obj/script_input_83.rel
                                          [ script_input_83 ]
C:/Users/brend/AppData/Local/Temp/_gbsbuild/obj/script_input_84.rel
                                          [ script_input_84 ]
C:/Users/brend/AppData/Local/Temp/_gbsbuild/obj/script_input_85.rel
                                          [ script_input_85 ]
C:/Users/brend/AppData/Local/Temp/_gbsbuild/obj/script_input_86.rel
                                          [ script_input_86 ]
C:/Users/brend/AppData/Local/Temp/_gbsbuild/obj/script_input_87.rel
                                          [ script_input_87 ]
C:/Users/brend/AppData/Local/Temp/_gbsbuild/obj/script_input_88.rel
                                          [ script_input_88 ]
C:/Users/brend/AppData/Local/Temp/_gbsbuild/obj/script_input_89.rel
                                          [ script_input_89 ]
C:/Users/brend/AppData/Local/Temp/_gbsbuild/obj/script_input_9.rel
                                          [ script_input_9 ]
C:/Users/brend/AppData/Local/Temp/_gbsbuild/obj/script_input_90.rel
                                          [ script_input_90 ]
C:/Users/brend/AppData/Local/Temp/_gbsbuild/obj/script_input_91.rel
                                          [ script_input_91 ]
C:/Users/brend/AppData/Local/Temp/_gbsbuild/obj/script_input_92.rel
                                          [ script_input_92 ]
C:/Users/brend/AppData/Local/Temp/_gbsbuild/obj/script_input_93.rel
                                          [ script_input_93 ]
C:/Users/brend/AppData/Local/Temp/_gbsbuild/obj/script_input_94.rel
                                          [ script_input_94 ]
C:/Users/brend/AppData/Local/Temp/_gbsbuild/obj/script_input_95.rel
                                          [ script_input_95 ]
C:/Users/brend/AppData/Local/Temp/_gbsbuild/obj/script_input_96.rel
                                          [ script_input_96 ]
C:/Users/brend/AppData/Local/Temp/_gbsbuild/obj/script_input_97.rel
                                          [ script_input_97 ]
C:/Users/brend/AppData/Local/Temp/_gbsbuild/obj/script_input_98.rel
                                          [ script_input_98 ]
C:/Users/brend/AppData/Local/Temp/_gbsbuild/obj/script_input_99.rel
                                          [ script_input_99 ]
C:/Users/brend/AppData/Local/Temp/_gbsbuild/obj/sprite_actor_animated_tileset.rel
                                          [ sprite_actor_animated_tileset ]
C:/Users/brend/AppData/Local/Temp/_gbsbuild/obj/sprite_actor_animated.rel
                                          [ sprite_actor_animated ]
C:/Users/brend/AppData/Local/Temp/_gbsbuild/obj/sprite_monkey_tileset.rel
                                          [ sprite_monkey_tileset ]
C:/Users/brend/AppData/Local/Temp/_gbsbuild/obj/sprite_monkey.rel
                                          [ sprite_monkey ]
C:/Users/brend/AppData/Local/Temp/_gbsbuild/obj/sprite_static_tileset.rel
                                          [ sprite_static_tileset ]
C:/Users/brend/AppData/Local/Temp/_gbsbuild/obj/sprite_static.rel
                                          [ sprite_static ]
C:/Users/brend/AppData/Local/Temp/_gbsbuild/obj/spritesheet_none.rel
                                          [ spritesheet_none ]
C:/Users/brend/AppData/Local/Temp/_gbsbuild/obj/trigger_0_interact.rel
                                          [ trigger_0_interact ]
C:/Users/brend/AppData/Local/Temp/_gbsbuild/obj/trigger_1_interact.rel
                                          [ trigger_1_interact ]
C:/Users/brend/AppData/Local/Temp/_gbsbuild/obj/trigger_2_interact.rel
                                          [ trigger_2_interact ]
C:/Users/brend/AppData/Local/Temp/_gbsbuild/obj/main.rel
                                          [ main ]
C:/Users/brend/AppData/Local/Temp/_gbsbuild/obj/adventure.rel
                                          [ adventure ]
C:/Users/brend/AppData/Local/Temp/_gbsbuild/obj/logo.rel
                                          [ logo ]
C:/Users/brend/AppData/Local/Temp/_gbsbuild/obj/platform.rel
                                          [ platform ]
C:/Users/brend/AppData/Local/Temp/_gbsbuild/obj/pointnclick.rel
                                          [ pointnclick ]
C:/Users/brend/AppData/Local/Temp/_gbsbuild/obj/shmup.rel
                                          [ shmup ]
C:/Users/brend/AppData/Local/Temp/_gbsbuild/obj/states_ptrs.rel
                                          [  ]
C:/Users/brend/AppData/Local/Temp/_gbsbuild/obj/topdown.rel
                                          [ topdown ]


Libraries Linked                          [ object file ]

C:\Users\brend\AppData\Local\Temp/_gbstools/gbdk/lib/small/asxxxx/gb/gb.lib
                                          [ fill_rect_wi.o ]
C:\Users\brend\AppData\Local\Temp/_gbstools/gbdk/lib/small/asxxxx/gbz80/gbz80.lib
                                          [ rand.o ]
C:\Users\brend\AppData\Local\Temp/_gbstools/gbdk/lib/small/asxxxx/gb/gb.lib
                                          [ sfr.o ]
C:\Users\brend\AppData\Local\Temp/_gbstools/gbdk/lib/small/asxxxx/gb/gb.lib
                                          [ get_data.o ]
C:\Users\brend\AppData\Local\Temp/_gbstools/gbdk/lib/small/asxxxx/gb/gb.lib
                                          [ get_tile.o ]
C:\Users\brend\AppData\Local\Temp/_gbstools/gbdk/lib/small/asxxxx/gb/gb.lib
                                          [ cgb_palettes.o ]
lib/gbt_player.lib                        [ gbt_player.o ]
C:\Users\brend\AppData\Local\Temp/_gbstools/gbdk/lib/small/asxxxx/gb/gb.lib
                                          [ metasprites_hide_spr.o ]
C:\Users\brend\AppData\Local\Temp/_gbstools/gbdk/lib/small/asxxxx/gbz80/gbz80.lib
                                          [ mul.o ]
C:\Users\brend\AppData\Local\Temp/_gbstools/gbdk/lib/small/asxxxx/gbz80/gbz80.lib
                                          [ abs.o ]
C:\Users\brend\AppData\Local\Temp/_gbstools/gbdk/lib/small/asxxxx/gb/gb.lib
                                          [ set_wi_t.o ]
C:\Users\brend\AppData\Local\Temp/_gbstools/gbdk/lib/small/asxxxx/gb/gb.lib
                                          [ set_data.o ]
C:\Users\brend\AppData\Local\Temp/_gbstools/gbdk/lib/small/asxxxx/gbz80/gbz80.lib
                                          [ reverse.o ]
C:\Users\brend\AppData\Local\Temp/_gbstools/gbdk/lib/small/asxxxx/gb/gb.lib
                                          [ far_ptr.o ]
C:\Users\brend\AppData\Local\Temp/_gbstools/gbdk/lib/small/asxxxx/gb/gb.lib
                                          [ sgb.o ]
C:\Users\brend\AppData\Local\Temp/_gbstools/gbdk/lib/small/asxxxx/gb/gb.lib
                                          [ lcd.o ]
C:\Users\brend\AppData\Local\Temp/_gbstools/gbdk/lib/small/asxxxx/gb/gb.lib
                                          [ fill_rect.o ]
C:\Users\brend\AppData\Local\Temp/_gbstools/gbdk/lib/small/asxxxx/gb/gb.lib
                                          [ cpy_data.o ]
C:\Users\brend\AppData\Local\Temp/_gbstools/gbdk/lib/small/asxxxx/gb/gb.lib
                                          [ fill_rect_bk.o ]
C:\Users\brend\AppData\Local\Temp/_gbstools/gbdk/lib/small/asxxxx/gb/gb.lib
                                          [ pad.o ]
C:\Users\brend\AppData\Local\Temp/_gbstools/gbdk/lib/small/asxxxx/gb/gb.lib
                                          [ metasprites.o ]
C:\Users\brend\AppData\Local\Temp/_gbstools/gbdk/lib/small/asxxxx/gbz80/gbz80.lib
                                          [ __sdcc_call_hl.o ]
C:\Users\brend\AppData\Local\Temp/_gbstools/gbdk/lib/small/asxxxx/gbz80/gbz80.lib
                                          [ _memcpy.o ]
C:\Users\brend\AppData\Local\Temp/_gbstools/gbdk/lib/small/asxxxx/gbz80/gbz80.lib
                                          [ _memset.o ]
C:\Users\brend\AppData\Local\Temp/_gbstools/gbdk/lib/small/asxxxx/gb/gb.lib
                                          [ set_xy_t.o ]
C:\Users\brend\AppData\Local\Temp/_gbstools/gbdk/lib/small/asxxxx/gb/gb.lib
                                          [ cgb.o ]
C:\Users\brend\AppData\Local\Temp/_gbstools/gbdk/lib/small/asxxxx/gbz80/gbz80.lib
                                          [ div.o ]
C:\Users\brend\AppData\Local\Temp/_gbstools/gbdk/lib/small/asxxxx/gb/gb.lib
                                          [ set_bk_t.o ]
lib/gbt_player.lib                        [ gbt_player_bank1.o ]

ASxxxx Linker V03.00 + NoICE + sdld,  page 108.

User Base Address Definitions

_DATA=0xC0A0
_CODE=0x0200
ASxxxx Linker V03.00 + NoICE + sdld,  page 109.

User Global Definitions

.STACK=0xDF00
_shadow_OAM=0xC000
.refresh_OAM=0xFF80
__start_save=28

